// Jest Snapshot v1, https://goo.gl/fbAQLP

exports[`Test all exports from this package 1`] = `
Array [
  "templateNodejs",
]
`;

exports[`Test function \`templateNodejs\` 1`] = `"This package named \`@easy-packages/template-nodejs\` is used for creating new nodejs packages."`;
