// Jest Snapshot v1, https://goo.gl/fbAQLP

exports[`Test all exports from this package 1`] = `Array []`;
