// Jest Snapshot v1, https://goo.gl/fbAQLP

exports[`Test redux reducer \`_finishPreparing\` should finish preparing 1`] = `true`;
