// Jest Snapshot v1, https://goo.gl/fbAQLP

exports[`Test component \`Introduction\` should render 1`] = `
<DocumentFragment>
  <div
    class="introduction"
  >
    <img
      alt="logo"
      class="logo"
      src="logo.svg"
    />
    <p>
      Edit 
      <code>
        src/containers/Home/components/Introduction/Introduction.tsx
      </code>
       and save to reload.
    </p>
    <a
      class="link"
      href="https://github.com/yifanwww/easy-projs"
      rel="noopener noreferrer"
      target="_blank"
    >
      Learn easy-projs
    </a>
    <a
      class="link"
      data-discover="true"
      href="/demo"
    >
      Component Demos
    </a>
  </div>
</DocumentFragment>
`;
