// Jest Snapshot v1, https://goo.gl/fbAQLP

exports[`Test exports of assets 1`] = `
Object {
  "default": Object {
    "logo": "logo.svg",
  },
}
`;
