// Jest Snapshot v1, https://goo.gl/fbAQLP

exports[`Test redux reducer \`_finishPreparing\` finishes preparing 1`] = `true`;
